Running tests ...
[1A[KRunning 71 tests in 1 runtime ...
[1A[K[1m[32m71 tests, 283 assertions, 1 runtime ... OK[0m
